Requirement already satisfied: pip in /opt/trace-venv/lib/python3.11/site-packages (24.0)
Collecting pip
  Downloading pip-26.2.1-py3-none-any.whl.metadata (4.6 kB)
Downloading pip-26.2.1-py3-none-any.whl (1.8 MB)
   ━━━━━━━━━━━━━━━━━━━━━━━━━━━━━━━━━━━━━━━━ 1.8/1.8 MB 14.7 MB/s eta 0:00:00
Installing collected packages: pip
  Attempting uninstall: pip
    Found existing installation: pip 24.0
    Uninstalling pip-24.0:
      Successfully uninstalled pip-24.0
Successfully installed pip-26.2.1
Collecting accelerate==1.10.1 (from -r /workspace/vamp-trace/source/apm-current/docker/trace/requirements.lock (line 1))
  Downloading accelerate-1.10.1-py3-none-any.whl.metadata (19 kB)
Collecting datasets==2.21.0 (from -r /workspace/vamp-trace/source/apm-current/docker/trace/requirements.lock (line 2))
  Downloading datasets-2.21.0-py3-none-any.whl.metadata (21 kB)
Collecting fuzzywuzzy==0.18.0 (from -r /workspace/vamp-trace/source/apm-current/docker/trace/requirements.lock (line 3))
  Downloading fuzzywuzzy-0.18.0-py2.py3-none-any.whl.metadata (4.9 kB)
Collecting huggingface-hub==0.34.4 (from -r /workspace/vamp-trace/source/apm-current/docker/trace/requirements.lock (line 4))
  Downloading huggingface_hub-0.34.4-py3-none-any.whl.metadata (14 kB)
Collecting nltk==3.9.1 (from -r /workspace/vamp-trace/source/apm-current/docker/trace/requirements.lock (line 5))
  Downloading nltk-3.9.1-py3-none-any.whl.metadata (2.9 kB)
Collecting matplotlib==3.10.6 (from -r /workspace/vamp-trace/source/apm-current/docker/trace/requirements.lock (line 6))
  Downloading matplotlib-3.10.6-cp311-cp311-manylinux2014_x86_64.manylinux_2_17_x86_64.whl.metadata (11 kB)
Collecting numpy==1.26.4 (from -r /workspace/vamp-trace/source/apm-current/docker/trace/requirements.lock (line 7))
  Downloading numpy-1.26.4-cp311-cp311-manylinux_2_17_x86_64.manylinux2014_x86_64.whl.metadata (61 kB)
Collecting packaging==25.0 (from -r /workspace/vamp-trace/source/apm-current/docker/trace/requirements.lock (line 8))
  Downloading packaging-25.0-py3-none-any.whl.metadata (3.3 kB)
Collecting pandas==2.3.2 (from -r /workspace/vamp-trace/source/apm-current/docker/trace/requirements.lock (line 9))
  Downloading pandas-2.3.2-cp311-cp311-manylinux_2_17_x86_64.manylinux2014_x86_64.whl.metadata (91 kB)
Collecting peft==0.17.1 (from -r /workspace/vamp-trace/source/apm-current/docker/trace/requirements.lock (line 10))
  Downloading peft-0.17.1-py3-none-any.whl.metadata (14 kB)
Collecting pyarrow==21.0.0 (from -r /workspace/vamp-trace/source/apm-current/docker/trace/requirements.lock (line 11))
  Downloading pyarrow-21.0.0-cp311-cp311-manylinux_2_28_x86_64.whl.metadata (3.3 kB)
Collecting pytest==8.4.2 (from -r /workspace/vamp-trace/source/apm-current/docker/trace/requirements.lock (line 12))
  Downloading pytest-8.4.2-py3-none-any.whl.metadata (7.7 kB)
Collecting pytest-xdist==3.8.0 (from -r /workspace/vamp-trace/source/apm-current/docker/trace/requirements.lock (line 13))
  Downloading pytest_xdist-3.8.0-py3-none-any.whl.metadata (3.0 kB)
Collecting python-Levenshtein==0.27.1 (from -r /workspace/vamp-trace/source/apm-current/docker/trace/requirements.lock (line 14))
  Downloading python_levenshtein-0.27.1-py3-none-any.whl.metadata (3.7 kB)
Collecting pyrsistent==0.20.0 (from -r /workspace/vamp-trace/source/apm-current/docker/trace/requirements.lock (line 15))
  Downloading pyrsistent-0.20.0-cp311-cp311-manylinux_2_17_x86_64.manylinux2014_x86_64.whl.metadata (27 kB)
Collecting PyYAML==6.0.2 (from -r /workspace/vamp-trace/source/apm-current/docker/trace/requirements.lock (line 16))
  Downloading PyYAML-6.0.2-cp311-cp311-manylinux_2_17_x86_64.manylinux2014_x86_64.whl.metadata (2.1 kB)
Collecting rouge==1.0.1 (from -r /workspace/vamp-trace/source/apm-current/docker/trace/requirements.lock (line 17))
  Downloading rouge-1.0.1-py3-none-any.whl.metadata (4.1 kB)
Collecting sacrebleu==2.5.1 (from -r /workspace/vamp-trace/source/apm-current/docker/trace/requirements.lock (line 18))
  Downloading sacrebleu-2.5.1-py3-none-any.whl.metadata (51 kB)
Collecting sacremoses==0.1.1 (from -r /workspace/vamp-trace/source/apm-current/docker/trace/requirements.lock (line 19))
  Downloading sacremoses-0.1.1-py3-none-any.whl.metadata (8.3 kB)
Collecting safetensors==0.6.2 (from -r /workspace/vamp-trace/source/apm-current/docker/trace/requirements.lock (line 20))
  Downloading safetensors-0.6.2-cp38-abi3-manylinux_2_17_x86_64.manylinux2014_x86_64.whl.metadata (4.1 kB)
Collecting tokenizers==0.21.4 (from -r /workspace/vamp-trace/source/apm-current/docker/trace/requirements.lock (line 21))
  Downloading tokenizers-0.21.4-cp39-abi3-manylinux_2_17_x86_64.manylinux2014_x86_64.whl.metadata (6.7 kB)
Collecting torch==2.8.0 (from -r /workspace/vamp-trace/source/apm-current/docker/trace/requirements.lock (line 22))
  Downloading torch-2.8.0-cp311-cp311-manylinux_2_28_x86_64.whl.metadata (30 kB)
Collecting tqdm==4.67.1 (from -r /workspace/vamp-trace/source/apm-current/docker/trace/requirements.lock (line 23))
  Downloading tqdm-4.67.1-py3-none-any.whl.metadata (57 kB)
Collecting transformers==4.55.4 (from -r /workspace/vamp-trace/source/apm-current/docker/trace/requirements.lock (line 24))
  Downloading transformers-4.55.4-py3-none-any.whl.metadata (41 kB)
Collecting psutil (from accelerate==1.10.1->-r /workspace/vamp-trace/source/apm-current/docker/trace/requirements.lock (line 1))
  Downloading psutil-7.2.2-cp36-abi3-manylinux2010_x86_64.manylinux_2_12_x86_64.manylinux_2_28_x86_64.whl.metadata (22 kB)
Collecting filelock (from datasets==2.21.0->-r /workspace/vamp-trace/source/apm-current/docker/trace/requirements.lock (line 2))
  Downloading filelock-3.32.3-py3-none-any.whl.metadata (2.0 kB)
Collecting dill<0.3.9,>=0.3.0 (from datasets==2.21.0->-r /workspace/vamp-trace/source/apm-current/docker/trace/requirements.lock (line 2))
  Downloading dill-0.3.8-py3-none-any.whl.metadata (10 kB)
Collecting requests>=2.32.2 (from datasets==2.21.0->-r /workspace/vamp-trace/source/apm-current/docker/trace/requirements.lock (line 2))
  Downloading requests-2.34.2-py3-none-any.whl.metadata (4.8 kB)
Collecting xxhash (from datasets==2.21.0->-r /workspace/vamp-trace/source/apm-current/docker/trace/requirements.lock (line 2))
  Downloading xxhash-4.0.1-cp311-cp311-manylinux2014_x86_64.manylinux_2_17_x86_64.manylinux_2_28_x86_64.whl.metadata (17 kB)
Collecting multiprocess (from datasets==2.21.0->-r /workspace/vamp-trace/source/apm-current/docker/trace/requirements.lock (line 2))
  Downloading multiprocess-0.70.19-py311-none-any.whl.metadata (7.5 kB)
Collecting fsspec<=2024.6.1,>=2023.1.0 (from fsspec[http]<=2024.6.1,>=2023.1.0->datasets==2.21.0->-r /workspace/vamp-trace/source/apm-current/docker/trace/requirements.lock (line 2))
  Downloading fsspec-2024.6.1-py3-none-any.whl.metadata (11 kB)
Collecting aiohttp (from datasets==2.21.0->-r /workspace/vamp-trace/source/apm-current/docker/trace/requirements.lock (line 2))
  Downloading aiohttp-3.14.3-cp311-cp311-manylinux2014_x86_64.manylinux_2_17_x86_64.manylinux_2_28_x86_64.whl.metadata (8.3 kB)
Collecting typing-extensions>=3.7.4.3 (from huggingface-hub==0.34.4->-r /workspace/vamp-trace/source/apm-current/docker/trace/requirements.lock (line 4))
  Downloading typing_extensions-4.16.0-py3-none-any.whl.metadata (3.3 kB)
Collecting hf-xet<2.0.0,>=1.1.3 (from huggingface-hub==0.34.4->-r /workspace/vamp-trace/source/apm-current/docker/trace/requirements.lock (line 4))
  Downloading hf_xet-1.6.0-cp38-abi3-manylinux2014_x86_64.manylinux_2_17_x86_64.whl.metadata (4.9 kB)
Collecting click (from nltk==3.9.1->-r /workspace/vamp-trace/source/apm-current/docker/trace/requirements.lock (line 5))
  Downloading click-8.4.2-py3-none-any.whl.metadata (2.6 kB)
Collecting joblib (from nltk==3.9.1->-r /workspace/vamp-trace/source/apm-current/docker/trace/requirements.lock (line 5))
  Downloading joblib-1.5.3-py3-none-any.whl.metadata (5.5 kB)
Collecting regex>=2021.8.3 (from nltk==3.9.1->-r /workspace/vamp-trace/source/apm-current/docker/trace/requirements.lock (line 5))
  Downloading regex-2026.7.19-cp311-cp311-manylinux2014_x86_64.manylinux_2_17_x86_64.manylinux_2_28_x86_64.whl.metadata (40 kB)
Collecting contourpy>=1.0.1 (from matplotlib==3.10.6->-r /workspace/vamp-trace/source/apm-current/docker/trace/requirements.lock (line 6))
  Downloading contourpy-1.3.3-cp311-cp311-manylinux_2_27_x86_64.manylinux_2_28_x86_64.whl.metadata (5.5 kB)
Collecting cycler>=0.10 (from matplotlib==3.10.6->-r /workspace/vamp-trace/source/apm-current/docker/trace/requirements.lock (line 6))
  Downloading cycler-0.12.1-py3-none-any.whl.metadata (3.8 kB)
Collecting fonttools>=4.22.0 (from matplotlib==3.10.6->-r /workspace/vamp-trace/source/apm-current/docker/trace/requirements.lock (line 6))
  Downloading fonttools-4.63.0-cp311-cp311-manylinux2014_x86_64.manylinux_2_17_x86_64.whl.metadata (118 kB)
Collecting kiwisolver>=1.3.1 (from matplotlib==3.10.6->-r /workspace/vamp-trace/source/apm-current/docker/trace/requirements.lock (line 6))
  Downloading kiwisolver-1.5.0-cp311-cp311-manylinux2014_x86_64.manylinux_2_17_x86_64.whl.metadata (5.1 kB)
Collecting pillow>=8 (from matplotlib==3.10.6->-r /workspace/vamp-trace/source/apm-current/docker/trace/requirements.lock (line 6))
  Downloading pillow-12.3.0-cp311-cp311-manylinux_2_27_x86_64.manylinux_2_28_x86_64.whl.metadata (9.1 kB)
Collecting pyparsing>=2.3.1 (from matplotlib==3.10.6->-r /workspace/vamp-trace/source/apm-current/docker/trace/requirements.lock (line 6))
  Downloading pyparsing-3.3.2-py3-none-any.whl.metadata (5.8 kB)
Collecting python-dateutil>=2.7 (from matplotlib==3.10.6->-r /workspace/vamp-trace/source/apm-current/docker/trace/requirements.lock (line 6))
  Downloading python_dateutil-2.9.0.post0-py2.py3-none-any.whl.metadata (8.4 kB)
Collecting pytz>=2020.1 (from pandas==2.3.2->-r /workspace/vamp-trace/source/apm-current/docker/trace/requirements.lock (line 9))
  Downloading pytz-2026.3.post1-py2.py3-none-any.whl.metadata (22 kB)
Collecting tzdata>=2022.7 (from pandas==2.3.2->-r /workspace/vamp-trace/source/apm-current/docker/trace/requirements.lock (line 9))
  Downloading tzdata-2026.3-py2.py3-none-any.whl.metadata (1.4 kB)
Collecting iniconfig>=1 (from pytest==8.4.2->-r /workspace/vamp-trace/source/apm-current/docker/trace/requirements.lock (line 12))
  Downloading iniconfig-2.3.0-py3-none-any.whl.metadata (2.5 kB)
Collecting pluggy<2,>=1.5 (from pytest==8.4.2->-r /workspace/vamp-trace/source/apm-current/docker/trace/requirements.lock (line 12))
  Downloading pluggy-1.6.0-py3-none-any.whl.metadata (4.8 kB)
Collecting pygments>=2.7.2 (from pytest==8.4.2->-r /workspace/vamp-trace/source/apm-current/docker/trace/requirements.lock (line 12))
  Downloading pygments-2.21.0-py3-none-any.whl.metadata (2.5 kB)
Collecting execnet>=2.1 (from pytest-xdist==3.8.0->-r /workspace/vamp-trace/source/apm-current/docker/trace/requirements.lock (line 13))
  Downloading execnet-2.1.2-py3-none-any.whl.metadata (2.9 kB)
Collecting Levenshtein==0.27.1 (from python-Levenshtein==0.27.1->-r /workspace/vamp-trace/source/apm-current/docker/trace/requirements.lock (line 14))
  Downloading levenshtein-0.27.1-cp311-cp311-manylinux_2_17_x86_64.manylinux2014_x86_64.whl.metadata (3.6 kB)
Collecting six (from rouge==1.0.1->-r /workspace/vamp-trace/source/apm-current/docker/trace/requirements.lock (line 17))
  Downloading six-1.17.0-py2.py3-none-any.whl.metadata (1.7 kB)
Collecting portalocker (from sacrebleu==2.5.1->-r /workspace/vamp-trace/source/apm-current/docker/trace/requirements.lock (line 18))
  Downloading portalocker-4.1.0-py3-none-any.whl.metadata (11 kB)
Collecting tabulate>=0.8.9 (from sacrebleu==2.5.1->-r /workspace/vamp-trace/source/apm-current/docker/trace/requirements.lock (line 18))
  Downloading tabulate-0.10.0-py3-none-any.whl.metadata (40 kB)
Collecting colorama (from sacrebleu==2.5.1->-r /workspace/vamp-trace/source/apm-current/docker/trace/requirements.lock (line 18))
  Downloading colorama-0.4.6-py2.py3-none-any.whl.metadata (17 kB)
Collecting lxml (from sacrebleu==2.5.1->-r /workspace/vamp-trace/source/apm-current/docker/trace/requirements.lock (line 18))
  Downloading lxml-6.1.2-cp311-cp311-manylinux_2_26_x86_64.manylinux_2_28_x86_64.whl.metadata (3.3 kB)
Collecting sympy>=1.13.3 (from torch==2.8.0->-r /workspace/vamp-trace/source/apm-current/docker/trace/requirements.lock (line 22))
  Downloading sympy-1.14.0-py3-none-any.whl.metadata (12 kB)
Collecting networkx (from torch==2.8.0->-r /workspace/vamp-trace/source/apm-current/docker/trace/requirements.lock (line 22))
  Downloading networkx-3.6.1-py3-none-any.whl.metadata (6.8 kB)
Collecting jinja2 (from torch==2.8.0->-r /workspace/vamp-trace/source/apm-current/docker/trace/requirements.lock (line 22))
  Downloading jinja2-3.1.6-py3-none-any.whl.metadata (2.9 kB)
Collecting nvidia-cuda-nvrtc-cu12==12.8.93 (from torch==2.8.0->-r /workspace/vamp-trace/source/apm-current/docker/trace/requirements.lock (line 22))
  Downloading nvidia_cuda_nvrtc_cu12-12.8.93-py3-none-manylinux2010_x86_64.manylinux_2_12_x86_64.whl.metadata (1.7 kB)
Collecting nvidia-cuda-runtime-cu12==12.8.90 (from torch==2.8.0->-r /workspace/vamp-trace/source/apm-current/docker/trace/requirements.lock (line 22))
  Downloading nvidia_cuda_runtime_cu12-12.8.90-py3-none-manylinux2014_x86_64.manylinux_2_17_x86_64.whl.metadata (1.7 kB)
Collecting nvidia-cuda-cupti-cu12==12.8.90 (from torch==2.8.0->-r /workspace/vamp-trace/source/apm-current/docker/trace/requirements.lock (line 22))
  Downloading nvidia_cuda_cupti_cu12-12.8.90-py3-none-manylinux2014_x86_64.manylinux_2_17_x86_64.whl.metadata (1.7 kB)
Collecting nvidia-cudnn-cu12==9.10.2.21 (from torch==2.8.0->-r /workspace/vamp-trace/source/apm-current/docker/trace/requirements.lock (line 22))
  Downloading nvidia_cudnn_cu12-9.10.2.21-py3-none-manylinux_2_27_x86_64.whl.metadata (1.8 kB)
Collecting nvidia-cublas-cu12==12.8.4.1 (from torch==2.8.0->-r /workspace/vamp-trace/source/apm-current/docker/trace/requirements.lock (line 22))
  Downloading nvidia_cublas_cu12-12.8.4.1-py3-none-manylinux_2_27_x86_64.whl.metadata (1.7 kB)
Collecting nvidia-cufft-cu12==11.3.3.83 (from torch==2.8.0->-r /workspace/vamp-trace/source/apm-current/docker/trace/requirements.lock (line 22))
  Downloading nvidia_cufft_cu12-11.3.3.83-py3-none-manylinux2014_x86_64.manylinux_2_17_x86_64.whl.metadata (1.7 kB)
Collecting nvidia-curand-cu12==10.3.9.90 (from torch==2.8.0->-r /workspace/vamp-trace/source/apm-current/docker/trace/requirements.lock (line 22))
  Downloading nvidia_curand_cu12-10.3.9.90-py3-none-manylinux_2_27_x86_64.whl.metadata (1.7 kB)
Collecting nvidia-cusolver-cu12==11.7.3.90 (from torch==2.8.0->-r /workspace/vamp-trace/source/apm-current/docker/trace/requirements.lock (line 22))
  Downloading nvidia_cusolver_cu12-11.7.3.90-py3-none-manylinux_2_27_x86_64.whl.metadata (1.8 kB)
Collecting nvidia-cusparse-cu12==12.5.8.93 (from torch==2.8.0->-r /workspace/vamp-trace/source/apm-current/docker/trace/requirements.lock (line 22))
  Downloading nvidia_cusparse_cu12-12.5.8.93-py3-none-manylinux2014_x86_64.manylinux_2_17_x86_64.whl.metadata (1.8 kB)
Collecting nvidia-cusparselt-cu12==0.7.1 (from torch==2.8.0->-r /workspace/vamp-trace/source/apm-current/docker/trace/requirements.lock (line 22))
  Downloading nvidia_cusparselt_cu12-0.7.1-py3-none-manylinux2014_x86_64.whl.metadata (7.0 kB)
Collecting nvidia-nccl-cu12==2.27.3 (from torch==2.8.0->-r /workspace/vamp-trace/source/apm-current/docker/trace/requirements.lock (line 22))
  Downloading nvidia_nccl_cu12-2.27.3-py3-none-manylinux2014_x86_64.manylinux_2_17_x86_64.whl.metadata (2.0 kB)
Collecting nvidia-nvtx-cu12==12.8.90 (from torch==2.8.0->-r /workspace/vamp-trace/source/apm-current/docker/trace/requirements.lock (line 22))
  Downloading nvidia_nvtx_cu12-12.8.90-py3-none-manylinux2014_x86_64.manylinux_2_17_x86_64.whl.metadata (1.8 kB)
Collecting nvidia-nvjitlink-cu12==12.8.93 (from torch==2.8.0->-r /workspace/vamp-trace/source/apm-current/docker/trace/requirements.lock (line 22))
  Downloading nvidia_nvjitlink_cu12-12.8.93-py3-none-manylinux2010_x86_64.manylinux_2_12_x86_64.whl.metadata (1.7 kB)
Collecting nvidia-cufile-cu12==1.13.1.3 (from torch==2.8.0->-r /workspace/vamp-trace/source/apm-current/docker/trace/requirements.lock (line 22))
  Downloading nvidia_cufile_cu12-1.13.1.3-py3-none-manylinux2014_x86_64.manylinux_2_17_x86_64.whl.metadata (1.7 kB)
Collecting triton==3.4.0 (from torch==2.8.0->-r /workspace/vamp-trace/source/apm-current/docker/trace/requirements.lock (line 22))
  Downloading triton-3.4.0-cp311-cp311-manylinux_2_27_x86_64.manylinux_2_28_x86_64.whl.metadata (1.7 kB)
Collecting rapidfuzz<4.0.0,>=3.9.0 (from Levenshtein==0.27.1->python-Levenshtein==0.27.1->-r /workspace/vamp-trace/source/apm-current/docker/trace/requirements.lock (line 14))
  Downloading rapidfuzz-3.14.5-cp311-cp311-manylinux_2_27_x86_64.manylinux_2_28_x86_64.whl.metadata (12 kB)
Requirement already satisfied: setuptools>=40.8.0 in /opt/trace-venv/lib/python3.11/site-packages (from triton==3.4.0->torch==2.8.0->-r /workspace/vamp-trace/source/apm-current/docker/trace/requirements.lock (line 22)) (65.5.0)
Collecting aiohappyeyeballs>=2.5.0 (from aiohttp->datasets==2.21.0->-r /workspace/vamp-trace/source/apm-current/docker/trace/requirements.lock (line 2))
  Downloading aiohappyeyeballs-2.7.1-py3-none-any.whl.metadata (5.9 kB)
Collecting aiosignal>=1.4.0 (from aiohttp->datasets==2.21.0->-r /workspace/vamp-trace/source/apm-current/docker/trace/requirements.lock (line 2))
  Downloading aiosignal-1.4.0-py3-none-any.whl.metadata (3.7 kB)
Collecting attrs>=17.3.0 (from aiohttp->datasets==2.21.0->-r /workspace/vamp-trace/source/apm-current/docker/trace/requirements.lock (line 2))
  Downloading attrs-26.1.0-py3-none-any.whl.metadata (8.8 kB)
Collecting frozenlist>=1.1.1 (from aiohttp->datasets==2.21.0->-r /workspace/vamp-trace/source/apm-current/docker/trace/requirements.lock (line 2))
  Downloading frozenlist-1.8.0-cp311-cp311-manylinux1_x86_64.manylinux_2_28_x86_64.manylinux_2_5_x86_64.whl.metadata (20 kB)
Collecting multidict<7.0,>=4.5 (from aiohttp->datasets==2.21.0->-r /workspace/vamp-trace/source/apm-current/docker/trace/requirements.lock (line 2))
  Downloading multidict-6.7.1-cp311-cp311-manylinux2014_x86_64.manylinux_2_17_x86_64.manylinux_2_28_x86_64.whl.metadata (5.3 kB)
Collecting propcache>=0.2.0 (from aiohttp->datasets==2.21.0->-r /workspace/vamp-trace/source/apm-current/docker/trace/requirements.lock (line 2))
  Downloading propcache-0.5.2-cp311-cp311-manylinux2014_x86_64.manylinux_2_17_x86_64.manylinux_2_28_x86_64.whl.metadata (16 kB)
Collecting yarl<2.0,>=1.17.0 (from aiohttp->datasets==2.21.0->-r /workspace/vamp-trace/source/apm-current/docker/trace/requirements.lock (line 2))
  Downloading yarl-1.24.5-cp311-cp311-manylinux2014_x86_64.manylinux_2_17_x86_64.manylinux_2_28_x86_64.whl.metadata (103 kB)
Collecting idna>=2.0 (from yarl<2.0,>=1.17.0->aiohttp->datasets==2.21.0->-r /workspace/vamp-trace/source/apm-current/docker/trace/requirements.lock (line 2))
  Downloading idna-3.19-py3-none-any.whl.metadata (9.2 kB)
Collecting charset_normalizer<4,>=2 (from requests>=2.32.2->datasets==2.21.0->-r /workspace/vamp-trace/source/apm-current/docker/trace/requirements.lock (line 2))
  Downloading charset_normalizer-3.5.1-cp311-cp311-manylinux2014_x86_64.manylinux_2_17_x86_64.manylinux_2_28_x86_64.whl.metadata (45 kB)
Collecting urllib3<3,>=1.26 (from requests>=2.32.2->datasets==2.21.0->-r /workspace/vamp-trace/source/apm-current/docker/trace/requirements.lock (line 2))
  Downloading urllib3-2.7.0-py3-none-any.whl.metadata (6.9 kB)
Collecting certifi>=2023.5.7 (from requests>=2.32.2->datasets==2.21.0->-r /workspace/vamp-trace/source/apm-current/docker/trace/requirements.lock (line 2))
  Downloading certifi-2026.7.22-py3-none-any.whl.metadata (2.5 kB)
Collecting mpmath<1.4,>=1.1.0 (from sympy>=1.13.3->torch==2.8.0->-r /workspace/vamp-trace/source/apm-current/docker/trace/requirements.lock (line 22))
  Downloading mpmath-1.3.0-py3-none-any.whl.metadata (8.6 kB)
Collecting MarkupSafe>=2.0 (from jinja2->torch==2.8.0->-r /workspace/vamp-trace/source/apm-current/docker/trace/requirements.lock (line 22))
  Downloading markupsafe-3.0.3-cp311-cp311-manylinux2014_x86_64.manylinux_2_17_x86_64.manylinux_2_28_x86_64.whl.metadata (2.7 kB)
INFO: pip is looking at multiple versions of multiprocess to determine which version is compatible with other requirements. This could take a while.
Collecting multiprocess (from datasets==2.21.0->-r /workspace/vamp-trace/source/apm-current/docker/trace/requirements.lock (line 2))
  Downloading multiprocess-0.70.18-py311-none-any.whl.metadata (7.5 kB)
  Downloading multiprocess-0.70.17-py311-none-any.whl.metadata (7.2 kB)
  Downloading multiprocess-0.70.16-py311-none-any.whl.metadata (7.2 kB)
Downloading accelerate-1.10.1-py3-none-any.whl (374 kB)
Downloading numpy-1.26.4-cp311-cp311-manylinux_2_17_x86_64.manylinux2014_x86_64.whl (18.3 MB)
   ━━━━━━━━━━━━━━━━━━━━━━━━━━━━━━━━━━━━━━━━ 18.3/18.3 MB 74.5 MB/s  0:00:00
Downloading datasets-2.21.0-py3-none-any.whl (527 kB)
   ━━━━━━━━━━━━━━━━━━━━━━━━━━━━━━━━━━━━━━━━ 527.3/527.3 kB 124.8 MB/s  0:00:00
Downloading fuzzywuzzy-0.18.0-py2.py3-none-any.whl (18 kB)
Downloading huggingface_hub-0.34.4-py3-none-any.whl (561 kB)
   ━━━━━━━━━━━━━━━━━━━━━━━━━━━━━━━━━━━━━━━━ 561.5/561.5 kB 137.7 MB/s  0:00:00
Downloading nltk-3.9.1-py3-none-any.whl (1.5 MB)
   ━━━━━━━━━━━━━━━━━━━━━━━━━━━━━━━━━━━━━━━━ 1.5/1.5 MB 253.3 MB/s  0:00:00
Downloading matplotlib-3.10.6-cp311-cp311-manylinux2014_x86_64.manylinux_2_17_x86_64.whl (8.7 MB)
   ━━━━━━━━━━━━━━━━━━━━━━━━━━━━━━━━━━━━━━━━ 8.7/8.7 MB 361.3 MB/s  0:00:00
Downloading packaging-25.0-py3-none-any.whl (66 kB)
Downloading pandas-2.3.2-cp311-cp311-manylinux_2_17_x86_64.manylinux2014_x86_64.whl (12.4 MB)
   ━━━━━━━━━━━━━━━━━━━━━━━━━━━━━━━━━━━━━━━━ 12.4/12.4 MB 170.5 MB/s  0:00:00
Downloading peft-0.17.1-py3-none-any.whl (504 kB)
Downloading pyarrow-21.0.0-cp311-cp311-manylinux_2_28_x86_64.whl (42.8 MB)
   ━━━━━━━━━━━━━━━━━━━━━━━━━━━━━━━━━━━━━━━━ 42.8/42.8 MB 250.3 MB/s  0:00:00
Downloading pytest-8.4.2-py3-none-any.whl (365 kB)
Downloading pytest_xdist-3.8.0-py3-none-any.whl (46 kB)
Downloading python_levenshtein-0.27.1-py3-none-any.whl (9.4 kB)
Downloading pyrsistent-0.20.0-cp311-cp311-manylinux_2_17_x86_64.manylinux2014_x86_64.whl (120 kB)
Downloading PyYAML-6.0.2-cp311-cp311-manylinux_2_17_x86_64.manylinux2014_x86_64.whl (762 kB)
   ━━━━━━━━━━━━━━━━━━━━━━━━━━━━━━━━━━━━━━━━ 763.0/763.0 kB 112.6 MB/s  0:00:00
Downloading rouge-1.0.1-py3-none-any.whl (13 kB)
Downloading sacrebleu-2.5.1-py3-none-any.whl (104 kB)
Downloading sacremoses-0.1.1-py3-none-any.whl (897 kB)
   ━━━━━━━━━━━━━━━━━━━━━━━━━━━━━━━━━━━━━━━━ 897.5/897.5 kB 261.5 MB/s  0:00:00
Downloading safetensors-0.6.2-cp38-abi3-manylinux_2_17_x86_64.manylinux2014_x86_64.whl (485 kB)
Downloading tokenizers-0.21.4-cp39-abi3-manylinux_2_17_x86_64.manylinux2014_x86_64.whl (3.1 MB)
   ━━━━━━━━━━━━━━━━━━━━━━━━━━━━━━━━━━━━━━━━ 3.1/3.1 MB 346.8 MB/s  0:00:00
Downloading torch-2.8.0-cp311-cp311-manylinux_2_28_x86_64.whl (888.1 MB)
   ━━━━━━━━━━━━━━━━━━━━━━━━━━━━━━━━━━━━━━━━ 888.1/888.1 MB 194.8 MB/s  0:00:03
Downloading tqdm-4.67.1-py3-none-any.whl (78 kB)
Downloading transformers-4.55.4-py3-none-any.whl (11.3 MB)
   ━━━━━━━━━━━━━━━━━━━━━━━━━━━━━━━━━━━━━━━━ 11.3/11.3 MB 351.2 MB/s  0:00:00
Downloading levenshtein-0.27.1-cp311-cp311-manylinux_2_17_x86_64.manylinux2014_x86_64.whl (161 kB)
Downloading nvidia_cublas_cu12-12.8.4.1-py3-none-manylinux_2_27_x86_64.whl (594.3 MB)
   ━━━━━━━━━━━━━━━━━━━━━━━━━━━━━━━━━━━━━━━━ 594.3/594.3 MB 169.3 MB/s  0:00:02
Downloading nvidia_cuda_cupti_cu12-12.8.90-py3-none-manylinux2014_x86_64.manylinux_2_17_x86_64.whl (10.2 MB)
   ━━━━━━━━━━━━━━━━━━━━━━━━━━━━━━━━━━━━━━━━ 10.2/10.2 MB 230.0 MB/s  0:00:00
Downloading nvidia_cuda_nvrtc_cu12-12.8.93-py3-none-manylinux2010_x86_64.manylinux_2_12_x86_64.whl (88.0 MB)
   ━━━━━━━━━━━━━━━━━━━━━━━━━━━━━━━━━━━━━━━━ 88.0/88.0 MB 207.7 MB/s  0:00:00
Downloading nvidia_cuda_runtime_cu12-12.8.90-py3-none-manylinux2014_x86_64.manylinux_2_17_x86_64.whl (954 kB)
   ━━━━━━━━━━━━━━━━━━━━━━━━━━━━━━━━━━━━━━━━ 954.8/954.8 kB 247.3 MB/s  0:00:00
Downloading nvidia_cudnn_cu12-9.10.2.21-py3-none-manylinux_2_27_x86_64.whl (706.8 MB)
   ━━━━━━━━━━━━━━━━━━━━━━━━━━━━━━━━━━━━━━━━ 706.8/706.8 MB 139.0 MB/s  0:00:03
Downloading nvidia_cufft_cu12-11.3.3.83-py3-none-manylinux2014_x86_64.manylinux_2_17_x86_64.whl (193.1 MB)
   ━━━━━━━━━━━━━━━━━━━━━━━━━━━━━━━━━━━━━━━━ 193.1/193.1 MB 207.2 MB/s  0:00:00
Downloading nvidia_cufile_cu12-1.13.1.3-py3-none-manylinux2014_x86_64.manylinux_2_17_x86_64.whl (1.2 MB)
   ━━━━━━━━━━━━━━━━━━━━━━━━━━━━━━━━━━━━━━━━ 1.2/1.2 MB 284.1 MB/s  0:00:00
Downloading nvidia_curand_cu12-10.3.9.90-py3-none-manylinux_2_27_x86_64.whl (63.6 MB)
   ━━━━━━━━━━━━━━━━━━━━━━━━━━━━━━━━━━━━━━━━ 63.6/63.6 MB 184.0 MB/s  0:00:00
Downloading nvidia_cusolver_cu12-11.7.3.90-py3-none-manylinux_2_27_x86_64.whl (267.5 MB)
   ━━━━━━━━━━━━━━━━━━━━━━━━━━━━━━━━━━━━━━━━ 267.5/267.5 MB 216.2 MB/s  0:00:01
Downloading nvidia_cusparse_cu12-12.5.8.93-py3-none-manylinux2014_x86_64.manylinux_2_17_x86_64.whl (288.2 MB)
   ━━━━━━━━━━━━━━━━━━━━━━━━━━━━━━━━━━━━━━━━ 288.2/288.2 MB 219.6 MB/s  0:00:01
Downloading nvidia_cusparselt_cu12-0.7.1-py3-none-manylinux2014_x86_64.whl (287.2 MB)
   ━━━━━━━━━━━━━━━━━━━━━━━━━━━━━━━━━━━━━━━━ 287.2/287.2 MB 190.9 MB/s  0:00:01
Downloading nvidia_nccl_cu12-2.27.3-py3-none-manylinux2014_x86_64.manylinux_2_17_x86_64.whl (322.4 MB)
   ━━━━━━━━━━━━━━━━━━━━━━━━━━━━━━━━━━━━━━━━ 322.4/322.4 MB 224.4 MB/s  0:00:01
Downloading nvidia_nvjitlink_cu12-12.8.93-py3-none-manylinux2010_x86_64.manylinux_2_12_x86_64.whl (39.3 MB)
   ━━━━━━━━━━━━━━━━━━━━━━━━━━━━━━━━━━━━━━━━ 39.3/39.3 MB 212.5 MB/s  0:00:00
Downloading nvidia_nvtx_cu12-12.8.90-py3-none-manylinux2014_x86_64.manylinux_2_17_x86_64.whl (89 kB)
Downloading triton-3.4.0-cp311-cp311-manylinux_2_27_x86_64.manylinux_2_28_x86_64.whl (155.5 MB)
   ━━━━━━━━━━━━━━━━━━━━━━━━━━━━━━━━━━━━━━━━ 155.5/155.5 MB 282.1 MB/s  0:00:00
Downloading dill-0.3.8-py3-none-any.whl (116 kB)
Downloading fsspec-2024.6.1-py3-none-any.whl (177 kB)
Downloading hf_xet-1.6.0-cp38-abi3-manylinux2014_x86_64.manylinux_2_17_x86_64.whl (4.5 MB)
   ━━━━━━━━━━━━━━━━━━━━━━━━━━━━━━━━━━━━━━━━ 4.5/4.5 MB 366.4 MB/s  0:00:00
Downloading pluggy-1.6.0-py3-none-any.whl (20 kB)
Downloading rapidfuzz-3.14.5-cp311-cp311-manylinux_2_27_x86_64.manylinux_2_28_x86_64.whl (3.2 MB)
   ━━━━━━━━━━━━━━━━━━━━━━━━━━━━━━━━━━━━━━━━ 3.2/3.2 MB 271.4 MB/s  0:00:00
Downloading aiohttp-3.14.3-cp311-cp311-manylinux2014_x86_64.manylinux_2_17_x86_64.manylinux_2_28_x86_64.whl (1.8 MB)
   ━━━━━━━━━━━━━━━━━━━━━━━━━━━━━━━━━━━━━━━━ 1.8/1.8 MB 319.7 MB/s  0:00:00
Downloading multidict-6.7.1-cp311-cp311-manylinux2014_x86_64.manylinux_2_17_x86_64.manylinux_2_28_x86_64.whl (246 kB)
Downloading yarl-1.24.5-cp311-cp311-manylinux2014_x86_64.manylinux_2_17_x86_64.manylinux_2_28_x86_64.whl (111 kB)
Downloading aiohappyeyeballs-2.7.1-py3-none-any.whl (15 kB)
Downloading aiosignal-1.4.0-py3-none-any.whl (7.5 kB)
Downloading attrs-26.1.0-py3-none-any.whl (67 kB)
Downloading contourpy-1.3.3-cp311-cp311-manylinux_2_27_x86_64.manylinux_2_28_x86_64.whl (355 kB)
Downloading cycler-0.12.1-py3-none-any.whl (8.3 kB)
Downloading execnet-2.1.2-py3-none-any.whl (40 kB)
Downloading fonttools-4.63.0-cp311-cp311-manylinux2014_x86_64.manylinux_2_17_x86_64.whl (5.1 MB)
   ━━━━━━━━━━━━━━━━━━━━━━━━━━━━━━━━━━━━━━━━ 5.1/5.1 MB 224.0 MB/s  0:00:00
Downloading frozenlist-1.8.0-cp311-cp311-manylinux1_x86_64.manylinux_2_28_x86_64.manylinux_2_5_x86_64.whl (231 kB)
Downloading idna-3.19-py3-none-any.whl (68 kB)
Downloading iniconfig-2.3.0-py3-none-any.whl (7.5 kB)
Downloading kiwisolver-1.5.0-cp311-cp311-manylinux2014_x86_64.manylinux_2_17_x86_64.whl (1.4 MB)
   ━━━━━━━━━━━━━━━━━━━━━━━━━━━━━━━━━━━━━━━━ 1.4/1.4 MB 202.5 MB/s  0:00:00
Downloading pillow-12.3.0-cp311-cp311-manylinux_2_27_x86_64.manylinux_2_28_x86_64.whl (6.9 MB)
   ━━━━━━━━━━━━━━━━━━━━━━━━━━━━━━━━━━━━━━━━ 6.9/6.9 MB 329.7 MB/s  0:00:00
Downloading propcache-0.5.2-cp311-cp311-manylinux2014_x86_64.manylinux_2_17_x86_64.manylinux_2_28_x86_64.whl (58 kB)
Downloading pygments-2.21.0-py3-none-any.whl (1.3 MB)
   ━━━━━━━━━━━━━━━━━━━━━━━━━━━━━━━━━━━━━━━━ 1.3/1.3 MB 289.5 MB/s  0:00:00
Downloading pyparsing-3.3.2-py3-none-any.whl (122 kB)
Downloading python_dateutil-2.9.0.post0-py2.py3-none-any.whl (229 kB)
Downloading pytz-2026.3.post1-py2.py3-none-any.whl (508 kB)
Downloading regex-2026.7.19-cp311-cp311-manylinux2014_x86_64.manylinux_2_17_x86_64.manylinux_2_28_x86_64.whl (801 kB)
   ━━━━━━━━━━━━━━━━━━━━━━━━━━━━━━━━━━━━━━━━ 801.4/801.4 kB 227.9 MB/s  0:00:00
Downloading requests-2.34.2-py3-none-any.whl (73 kB)
Downloading charset_normalizer-3.5.1-cp311-cp311-manylinux2014_x86_64.manylinux_2_17_x86_64.manylinux_2_28_x86_64.whl (262 kB)
Downloading urllib3-2.7.0-py3-none-any.whl (131 kB)
Downloading certifi-2026.7.22-py3-none-any.whl (136 kB)
Downloading six-1.17.0-py2.py3-none-any.whl (11 kB)
Downloading sympy-1.14.0-py3-none-any.whl (6.3 MB)
   ━━━━━━━━━━━━━━━━━━━━━━━━━━━━━━━━━━━━━━━━ 6.3/6.3 MB 469.5 MB/s  0:00:00
Downloading mpmath-1.3.0-py3-none-any.whl (536 kB)
   ━━━━━━━━━━━━━━━━━━━━━━━━━━━━━━━━━━━━━━━━ 536.2/536.2 kB 141.8 MB/s  0:00:00
Downloading tabulate-0.10.0-py3-none-any.whl (39 kB)
Downloading typing_extensions-4.16.0-py3-none-any.whl (45 kB)
Downloading tzdata-2026.3-py2.py3-none-any.whl (348 kB)
Downloading click-8.4.2-py3-none-any.whl (119 kB)
Downloading colorama-0.4.6-py2.py3-none-any.whl (25 kB)
Downloading filelock-3.32.3-py3-none-any.whl (98 kB)
Downloading jinja2-3.1.6-py3-none-any.whl (134 kB)
Downloading markupsafe-3.0.3-cp311-cp311-manylinux2014_x86_64.manylinux_2_17_x86_64.manylinux_2_28_x86_64.whl (22 kB)
Downloading joblib-1.5.3-py3-none-any.whl (309 kB)
Downloading lxml-6.1.2-cp311-cp311-manylinux_2_26_x86_64.manylinux_2_28_x86_64.whl (5.2 MB)
   ━━━━━━━━━━━━━━━━━━━━━━━━━━━━━━━━━━━━━━━━ 5.2/5.2 MB 229.1 MB/s  0:00:00
Downloading multiprocess-0.70.16-py311-none-any.whl (143 kB)
Downloading networkx-3.6.1-py3-none-any.whl (2.1 MB)
   ━━━━━━━━━━━━━━━━━━━━━━━━━━━━━━━━━━━━━━━━ 2.1/2.1 MB 404.5 MB/s  0:00:00
Downloading portalocker-4.1.0-py3-none-any.whl (65 kB)
Downloading psutil-7.2.2-cp36-abi3-manylinux2010_x86_64.manylinux_2_12_x86_64.manylinux_2_28_x86_64.whl (155 kB)
Downloading xxhash-4.0.1-cp311-cp311-manylinux2014_x86_64.manylinux_2_17_x86_64.manylinux_2_28_x86_64.whl (261 kB)
Installing collected packages: pytz, nvidia-cusparselt-cu12, mpmath, fuzzywuzzy, xxhash, urllib3, tzdata, typing-extensions, triton, tqdm, tabulate, sympy, six, safetensors, regex, rapidfuzz, PyYAML, pyrsistent, pyparsing, pygments, pyarrow, psutil, propcache, portalocker, pluggy, pillow, packaging, nvidia-nvtx-cu12, nvidia-nvjitlink-cu12, nvidia-nccl-cu12, nvidia-curand-cu12, nvidia-cufile-cu12, nvidia-cuda-runtime-cu12, nvidia-cuda-nvrtc-cu12, nvidia-cuda-cupti-cu12, nvidia-cublas-cu12, numpy, networkx, multidict, MarkupSafe, lxml, kiwisolver, joblib, iniconfig, idna, hf-xet, fsspec, frozenlist, fonttools, filelock, execnet, dill, cycler, colorama, click, charset_normalizer, certifi, attrs, aiohappyeyeballs, yarl, sacremoses, sacrebleu, rouge, requests, python-dateutil, pytest, nvidia-cusparse-cu12, nvidia-cufft-cu12, nvidia-cudnn-cu12, nltk, multiprocess, Levenshtein, jinja2, contourpy, aiosignal, python-Levenshtein, pytest-xdist, pandas, nvidia-cusolver-cu12, matplotlib, huggingface-hub, aiohttp, torch, tokenizers, transformers, datasets, accelerate, peft

Successfully installed Levenshtein-0.27.1 MarkupSafe-3.0.3 PyYAML-6.0.2 accelerate-1.10.1 aiohappyeyeballs-2.7.1 aiohttp-3.14.3 aiosignal-1.4.0 attrs-26.1.0 certifi-2026.7.22 charset_normalizer-3.5.1 click-8.4.2 colorama-0.4.6 contourpy-1.3.3 cycler-0.12.1 datasets-2.21.0 dill-0.3.8 execnet-2.1.2 filelock-3.32.3 fonttools-4.63.0 frozenlist-1.8.0 fsspec-2024.6.1 fuzzywuzzy-0.18.0 hf-xet-1.6.0 huggingface-hub-0.34.4 idna-3.19 iniconfig-2.3.0 jinja2-3.1.6 joblib-1.5.3 kiwisolver-1.5.0 lxml-6.1.2 matplotlib-3.10.6 mpmath-1.3.0 multidict-6.7.1 multiprocess-0.70.16 networkx-3.6.1 nltk-3.9.1 numpy-1.26.4 nvidia-cublas-cu12-12.8.4.1 nvidia-cuda-cupti-cu12-12.8.90 nvidia-cuda-nvrtc-cu12-12.8.93 nvidia-cuda-runtime-cu12-12.8.90 nvidia-cudnn-cu12-9.10.2.21 nvidia-cufft-cu12-11.3.3.83 nvidia-cufile-cu12-1.13.1.3 nvidia-curand-cu12-10.3.9.90 nvidia-cusolver-cu12-11.7.3.90 nvidia-cusparse-cu12-12.5.8.93 nvidia-cusparselt-cu12-0.7.1 nvidia-nccl-cu12-2.27.3 nvidia-nvjitlink-cu12-12.8.93 nvidia-nvtx-cu12-12.8.90 packaging-25.0 pandas-2.3.2 peft-0.17.1 pillow-12.3.0 pluggy-1.6.0 portalocker-4.1.0 propcache-0.5.2 psutil-7.2.2 pyarrow-21.0.0 pygments-2.21.0 pyparsing-3.3.2 pyrsistent-0.20.0 pytest-8.4.2 pytest-xdist-3.8.0 python-Levenshtein-0.27.1 python-dateutil-2.9.0.post0 pytz-2026.3.post1 rapidfuzz-3.14.5 regex-2026.7.19 requests-2.34.2 rouge-1.0.1 sacrebleu-2.5.1 sacremoses-0.1.1 safetensors-0.6.2 six-1.17.0 sympy-1.14.0 tabulate-0.10.0 tokenizers-0.21.4 torch-2.8.0 tqdm-4.67.1 transformers-4.55.4 triton-3.4.0 typing-extensions-4.16.0 tzdata-2026.3 urllib3-2.7.0 xxhash-4.0.1 yarl-1.24.5
Obtaining file:///workspace/vamp-trace/source/apm-current
  Installing build dependencies: started
  Installing build dependencies: finished with status 'done'
  Checking if build backend supports build_editable: started
  Checking if build backend supports build_editable: finished with status 'done'
  Getting requirements to build editable: started
  Getting requirements to build editable: finished with status 'done'
  Preparing editable metadata (pyproject.toml): started
  Preparing editable metadata (pyproject.toml): finished with status 'done'
Building wheels for collected packages: apm
  Building editable for apm (pyproject.toml): started
  Building editable for apm (pyproject.toml): finished with status 'done'
  Created wheel for apm: filename=apm-0.1.0-0.editable-py3-none-any.whl size=5780 sha256=bd3dcddae98a343b329380d30d02c368ed5bdc42b45f25d79a9931b3a9d06d30
  Stored in directory: /tmp/pip-ephem-wheel-cache-h_9xf7sy/wheels/ab/d9/08/bf779770a0248b554dc4822a794210f55e1ae08b6e59c48041
Successfully built apm
Installing collected packages: apm
Successfully installed apm-0.1.0
/opt/trace-venv/lib/python3.11/site-packages/peft/utils/save_and_load.py:286: UserWarning: Could not find a config file in  - will assume that the vocabulary was not modified.
  warnings.warn(
TRACE package self-test passed
TRACE direct RunPod environment is ready at /opt/trace-venv
