Requirement already satisfied: pip in /opt/trace-venv/lib/python3.11/site-packages (24.0)
Collecting pip
  Using cached pip-26.2.1-py3-none-any.whl.metadata (4.6 kB)
Using cached pip-26.2.1-py3-none-any.whl (1.8 MB)
Installing collected packages: pip
  Attempting uninstall: pip
    Found existing installation: pip 24.0
    Uninstalling pip-24.0:
      Successfully uninstalled pip-24.0
Successfully installed pip-26.2.1
Collecting accelerate==1.10.1 (from -r /workspace/vamp-trace/source/apm-current/docker/trace/requirements.lock (line 1))
  Using cached accelerate-1.10.1-py3-none-any.whl.metadata (19 kB)
Collecting datasets==2.21.0 (from -r /workspace/vamp-trace/source/apm-current/docker/trace/requirements.lock (line 2))
  Using cached datasets-2.21.0-py3-none-any.whl.metadata (21 kB)
Collecting fuzzywuzzy==0.18.0 (from -r /workspace/vamp-trace/source/apm-current/docker/trace/requirements.lock (line 3))
  Using cached fuzzywuzzy-0.18.0-py2.py3-none-any.whl.metadata (4.9 kB)
Collecting huggingface-hub==0.34.4 (from -r /workspace/vamp-trace/source/apm-current/docker/trace/requirements.lock (line 4))
  Using cached huggingface_hub-0.34.4-py3-none-any.whl.metadata (14 kB)
Collecting nltk==3.9.1 (from -r /workspace/vamp-trace/source/apm-current/docker/trace/requirements.lock (line 5))
  Using cached nltk-3.9.1-py3-none-any.whl.metadata (2.9 kB)
Collecting matplotlib==3.10.6 (from -r /workspace/vamp-trace/source/apm-current/docker/trace/requirements.lock (line 6))
  Using cached matplotlib-3.10.6-cp311-cp311-manylinux2014_x86_64.manylinux_2_17_x86_64.whl.metadata (11 kB)
Collecting numpy==1.26.4 (from -r /workspace/vamp-trace/source/apm-current/docker/trace/requirements.lock (line 7))
  Using cached numpy-1.26.4-cp311-cp311-manylinux_2_17_x86_64.manylinux2014_x86_64.whl.metadata (61 kB)
Collecting packaging==25.0 (from -r /workspace/vamp-trace/source/apm-current/docker/trace/requirements.lock (line 8))
  Using cached packaging-25.0-py3-none-any.whl.metadata (3.3 kB)
Collecting pandas==2.3.2 (from -r /workspace/vamp-trace/source/apm-current/docker/trace/requirements.lock (line 9))
  Using cached pandas-2.3.2-cp311-cp311-manylinux_2_17_x86_64.manylinux2014_x86_64.whl.metadata (91 kB)
Collecting peft==0.17.1 (from -r /workspace/vamp-trace/source/apm-current/docker/trace/requirements.lock (line 10))
  Using cached peft-0.17.1-py3-none-any.whl.metadata (14 kB)
Collecting pyarrow==21.0.0 (from -r /workspace/vamp-trace/source/apm-current/docker/trace/requirements.lock (line 11))
  Using cached pyarrow-21.0.0-cp311-cp311-manylinux_2_28_x86_64.whl.metadata (3.3 kB)
Collecting pytest==8.4.2 (from -r /workspace/vamp-trace/source/apm-current/docker/trace/requirements.lock (line 12))
  Using cached pytest-8.4.2-py3-none-any.whl.metadata (7.7 kB)
Collecting pytest-xdist==3.8.0 (from -r /workspace/vamp-trace/source/apm-current/docker/trace/requirements.lock (line 13))
  Using cached pytest_xdist-3.8.0-py3-none-any.whl.metadata (3.0 kB)
Collecting python-Levenshtein==0.27.1 (from -r /workspace/vamp-trace/source/apm-current/docker/trace/requirements.lock (line 14))
  Using cached python_levenshtein-0.27.1-py3-none-any.whl.metadata (3.7 kB)
Collecting pyrsistent==0.20.0 (from -r /workspace/vamp-trace/source/apm-current/docker/trace/requirements.lock (line 15))
  Using cached pyrsistent-0.20.0-cp311-cp311-manylinux_2_17_x86_64.manylinux2014_x86_64.whl.metadata (27 kB)
Collecting PyYAML==6.0.2 (from -r /workspace/vamp-trace/source/apm-current/docker/trace/requirements.lock (line 16))
  Using cached PyYAML-6.0.2-cp311-cp311-manylinux_2_17_x86_64.manylinux2014_x86_64.whl.metadata (2.1 kB)
Collecting rouge==1.0.1 (from -r /workspace/vamp-trace/source/apm-current/docker/trace/requirements.lock (line 17))
  Using cached rouge-1.0.1-py3-none-any.whl.metadata (4.1 kB)
Collecting sacrebleu==2.5.1 (from -r /workspace/vamp-trace/source/apm-current/docker/trace/requirements.lock (line 18))
  Using cached sacrebleu-2.5.1-py3-none-any.whl.metadata (51 kB)
Collecting sacremoses==0.1.1 (from -r /workspace/vamp-trace/source/apm-current/docker/trace/requirements.lock (line 19))
  Using cached sacremoses-0.1.1-py3-none-any.whl.metadata (8.3 kB)
Collecting safetensors==0.6.2 (from -r /workspace/vamp-trace/source/apm-current/docker/trace/requirements.lock (line 20))
  Using cached safetensors-0.6.2-cp38-abi3-manylinux_2_17_x86_64.manylinux2014_x86_64.whl.metadata (4.1 kB)
Collecting tokenizers==0.21.4 (from -r /workspace/vamp-trace/source/apm-current/docker/trace/requirements.lock (line 21))
  Using cached tokenizers-0.21.4-cp39-abi3-manylinux_2_17_x86_64.manylinux2014_x86_64.whl.metadata (6.7 kB)
Collecting torch==2.8.0 (from -r /workspace/vamp-trace/source/apm-current/docker/trace/requirements.lock (line 22))
  Using cached torch-2.8.0-cp311-cp311-manylinux_2_28_x86_64.whl.metadata (30 kB)
Collecting tqdm==4.67.1 (from -r /workspace/vamp-trace/source/apm-current/docker/trace/requirements.lock (line 23))
  Using cached tqdm-4.67.1-py3-none-any.whl.metadata (57 kB)
Collecting transformers==4.55.4 (from -r /workspace/vamp-trace/source/apm-current/docker/trace/requirements.lock (line 24))
  Using cached transformers-4.55.4-py3-none-any.whl.metadata (41 kB)
Collecting psutil (from accelerate==1.10.1->-r /workspace/vamp-trace/source/apm-current/docker/trace/requirements.lock (line 1))
  Using cached psutil-7.2.2-cp36-abi3-manylinux2010_x86_64.manylinux_2_12_x86_64.manylinux_2_28_x86_64.whl.metadata (22 kB)
Collecting filelock (from datasets==2.21.0->-r /workspace/vamp-trace/source/apm-current/docker/trace/requirements.lock (line 2))
  Using cached filelock-3.32.3-py3-none-any.whl.metadata (2.0 kB)
Collecting dill<0.3.9,>=0.3.0 (from datasets==2.21.0->-r /workspace/vamp-trace/source/apm-current/docker/trace/requirements.lock (line 2))
  Using cached dill-0.3.8-py3-none-any.whl.metadata (10 kB)
Collecting requests>=2.32.2 (from datasets==2.21.0->-r /workspace/vamp-trace/source/apm-current/docker/trace/requirements.lock (line 2))
  Using cached requests-2.34.2-py3-none-any.whl.metadata (4.8 kB)
Collecting xxhash (from datasets==2.21.0->-r /workspace/vamp-trace/source/apm-current/docker/trace/requirements.lock (line 2))
  Using cached xxhash-4.0.1-cp311-cp311-manylinux2014_x86_64.manylinux_2_17_x86_64.manylinux_2_28_x86_64.whl.metadata (17 kB)
Collecting multiprocess (from datasets==2.21.0->-r /workspace/vamp-trace/source/apm-current/docker/trace/requirements.lock (line 2))
  Using cached multiprocess-0.70.19-py311-none-any.whl.metadata (7.5 kB)
Collecting fsspec<=2024.6.1,>=2023.1.0 (from fsspec[http]<=2024.6.1,>=2023.1.0->datasets==2.21.0->-r /workspace/vamp-trace/source/apm-current/docker/trace/requirements.lock (line 2))
  Using cached fsspec-2024.6.1-py3-none-any.whl.metadata (11 kB)
Collecting aiohttp (from datasets==2.21.0->-r /workspace/vamp-trace/source/apm-current/docker/trace/requirements.lock (line 2))
  Using cached aiohttp-3.14.3-cp311-cp311-manylinux2014_x86_64.manylinux_2_17_x86_64.manylinux_2_28_x86_64.whl.metadata (8.3 kB)
Collecting typing-extensions>=3.7.4.3 (from huggingface-hub==0.34.4->-r /workspace/vamp-trace/source/apm-current/docker/trace/requirements.lock (line 4))
  Using cached typing_extensions-4.16.0-py3-none-any.whl.metadata (3.3 kB)
Collecting hf-xet<2.0.0,>=1.1.3 (from huggingface-hub==0.34.4->-r /workspace/vamp-trace/source/apm-current/docker/trace/requirements.lock (line 4))
  Using cached hf_xet-1.6.0-cp38-abi3-manylinux2014_x86_64.manylinux_2_17_x86_64.whl.metadata (4.9 kB)
Collecting click (from nltk==3.9.1->-r /workspace/vamp-trace/source/apm-current/docker/trace/requirements.lock (line 5))
  Using cached click-8.4.2-py3-none-any.whl.metadata (2.6 kB)
Collecting joblib (from nltk==3.9.1->-r /workspace/vamp-trace/source/apm-current/docker/trace/requirements.lock (line 5))
  Using cached joblib-1.5.3-py3-none-any.whl.metadata (5.5 kB)
Collecting regex>=2021.8.3 (from nltk==3.9.1->-r /workspace/vamp-trace/source/apm-current/docker/trace/requirements.lock (line 5))
  Using cached regex-2026.7.19-cp311-cp311-manylinux2014_x86_64.manylinux_2_17_x86_64.manylinux_2_28_x86_64.whl.metadata (40 kB)
Collecting contourpy>=1.0.1 (from matplotlib==3.10.6->-r /workspace/vamp-trace/source/apm-current/docker/trace/requirements.lock (line 6))
  Using cached contourpy-1.3.3-cp311-cp311-manylinux_2_27_x86_64.manylinux_2_28_x86_64.whl.metadata (5.5 kB)
Collecting cycler>=0.10 (from matplotlib==3.10.6->-r /workspace/vamp-trace/source/apm-current/docker/trace/requirements.lock (line 6))
  Using cached cycler-0.12.1-py3-none-any.whl.metadata (3.8 kB)
Collecting fonttools>=4.22.0 (from matplotlib==3.10.6->-r /workspace/vamp-trace/source/apm-current/docker/trace/requirements.lock (line 6))
  Using cached fonttools-4.63.0-cp311-cp311-manylinux2014_x86_64.manylinux_2_17_x86_64.whl.metadata (118 kB)
Collecting kiwisolver>=1.3.1 (from matplotlib==3.10.6->-r /workspace/vamp-trace/source/apm-current/docker/trace/requirements.lock (line 6))
  Using cached kiwisolver-1.5.0-cp311-cp311-manylinux2014_x86_64.manylinux_2_17_x86_64.whl.metadata (5.1 kB)
Collecting pillow>=8 (from matplotlib==3.10.6->-r /workspace/vamp-trace/source/apm-current/docker/trace/requirements.lock (line 6))
  Using cached pillow-12.3.0-cp311-cp311-manylinux_2_27_x86_64.manylinux_2_28_x86_64.whl.metadata (9.1 kB)
Collecting pyparsing>=2.3.1 (from matplotlib==3.10.6->-r /workspace/vamp-trace/source/apm-current/docker/trace/requirements.lock (line 6))
  Using cached pyparsing-3.3.2-py3-none-any.whl.metadata (5.8 kB)
Collecting python-dateutil>=2.7 (from matplotlib==3.10.6->-r /workspace/vamp-trace/source/apm-current/docker/trace/requirements.lock (line 6))
  Using cached python_dateutil-2.9.0.post0-py2.py3-none-any.whl.metadata (8.4 kB)
Collecting pytz>=2020.1 (from pandas==2.3.2->-r /workspace/vamp-trace/source/apm-current/docker/trace/requirements.lock (line 9))
  Using cached pytz-2026.3.post1-py2.py3-none-any.whl.metadata (22 kB)
Collecting tzdata>=2022.7 (from pandas==2.3.2->-r /workspace/vamp-trace/source/apm-current/docker/trace/requirements.lock (line 9))
  Using cached tzdata-2026.3-py2.py3-none-any.whl.metadata (1.4 kB)
Collecting iniconfig>=1 (from pytest==8.4.2->-r /workspace/vamp-trace/source/apm-current/docker/trace/requirements.lock (line 12))
  Using cached iniconfig-2.3.0-py3-none-any.whl.metadata (2.5 kB)
Collecting pluggy<2,>=1.5 (from pytest==8.4.2->-r /workspace/vamp-trace/source/apm-current/docker/trace/requirements.lock (line 12))
  Using cached pluggy-1.6.0-py3-none-any.whl.metadata (4.8 kB)
Collecting pygments>=2.7.2 (from pytest==8.4.2->-r /workspace/vamp-trace/source/apm-current/docker/trace/requirements.lock (line 12))
  Using cached pygments-2.21.0-py3-none-any.whl.metadata (2.5 kB)
Collecting execnet>=2.1 (from pytest-xdist==3.8.0->-r /workspace/vamp-trace/source/apm-current/docker/trace/requirements.lock (line 13))
  Using cached execnet-2.1.2-py3-none-any.whl.metadata (2.9 kB)
Collecting Levenshtein==0.27.1 (from python-Levenshtein==0.27.1->-r /workspace/vamp-trace/source/apm-current/docker/trace/requirements.lock (line 14))
  Using cached levenshtein-0.27.1-cp311-cp311-manylinux_2_17_x86_64.manylinux2014_x86_64.whl.metadata (3.6 kB)
Collecting six (from rouge==1.0.1->-r /workspace/vamp-trace/source/apm-current/docker/trace/requirements.lock (line 17))
  Using cached six-1.17.0-py2.py3-none-any.whl.metadata (1.7 kB)
Collecting portalocker (from sacrebleu==2.5.1->-r /workspace/vamp-trace/source/apm-current/docker/trace/requirements.lock (line 18))
  Using cached portalocker-4.1.0-py3-none-any.whl.metadata (11 kB)
Collecting tabulate>=0.8.9 (from sacrebleu==2.5.1->-r /workspace/vamp-trace/source/apm-current/docker/trace/requirements.lock (line 18))
  Using cached tabulate-0.10.0-py3-none-any.whl.metadata (40 kB)
Collecting colorama (from sacrebleu==2.5.1->-r /workspace/vamp-trace/source/apm-current/docker/trace/requirements.lock (line 18))
  Using cached colorama-0.4.6-py2.py3-none-any.whl.metadata (17 kB)
Collecting lxml (from sacrebleu==2.5.1->-r /workspace/vamp-trace/source/apm-current/docker/trace/requirements.lock (line 18))
  Using cached lxml-6.1.2-cp311-cp311-manylinux_2_26_x86_64.manylinux_2_28_x86_64.whl.metadata (3.3 kB)
Collecting sympy>=1.13.3 (from torch==2.8.0->-r /workspace/vamp-trace/source/apm-current/docker/trace/requirements.lock (line 22))
  Using cached sympy-1.14.0-py3-none-any.whl.metadata (12 kB)
Collecting networkx (from torch==2.8.0->-r /workspace/vamp-trace/source/apm-current/docker/trace/requirements.lock (line 22))
  Using cached networkx-3.6.1-py3-none-any.whl.metadata (6.8 kB)
Collecting jinja2 (from torch==2.8.0->-r /workspace/vamp-trace/source/apm-current/docker/trace/requirements.lock (line 22))
  Using cached jinja2-3.1.6-py3-none-any.whl.metadata (2.9 kB)
Collecting nvidia-cuda-nvrtc-cu12==12.8.93 (from torch==2.8.0->-r /workspace/vamp-trace/source/apm-current/docker/trace/requirements.lock (line 22))
  Using cached nvidia_cuda_nvrtc_cu12-12.8.93-py3-none-manylinux2010_x86_64.manylinux_2_12_x86_64.whl.metadata (1.7 kB)
Collecting nvidia-cuda-runtime-cu12==12.8.90 (from torch==2.8.0->-r /workspace/vamp-trace/source/apm-current/docker/trace/requirements.lock (line 22))
  Using cached nvidia_cuda_runtime_cu12-12.8.90-py3-none-manylinux2014_x86_64.manylinux_2_17_x86_64.whl.metadata (1.7 kB)
Collecting nvidia-cuda-cupti-cu12==12.8.90 (from torch==2.8.0->-r /workspace/vamp-trace/source/apm-current/docker/trace/requirements.lock (line 22))
  Using cached nvidia_cuda_cupti_cu12-12.8.90-py3-none-manylinux2014_x86_64.manylinux_2_17_x86_64.whl.metadata (1.7 kB)
Collecting nvidia-cudnn-cu12==9.10.2.21 (from torch==2.8.0->-r /workspace/vamp-trace/source/apm-current/docker/trace/requirements.lock (line 22))
  Using cached nvidia_cudnn_cu12-9.10.2.21-py3-none-manylinux_2_27_x86_64.whl.metadata (1.8 kB)
Collecting nvidia-cublas-cu12==12.8.4.1 (from torch==2.8.0->-r /workspace/vamp-trace/source/apm-current/docker/trace/requirements.lock (line 22))
  Using cached nvidia_cublas_cu12-12.8.4.1-py3-none-manylinux_2_27_x86_64.whl.metadata (1.7 kB)
Collecting nvidia-cufft-cu12==11.3.3.83 (from torch==2.8.0->-r /workspace/vamp-trace/source/apm-current/docker/trace/requirements.lock (line 22))
  Using cached nvidia_cufft_cu12-11.3.3.83-py3-none-manylinux2014_x86_64.manylinux_2_17_x86_64.whl.metadata (1.7 kB)
Collecting nvidia-curand-cu12==10.3.9.90 (from torch==2.8.0->-r /workspace/vamp-trace/source/apm-current/docker/trace/requirements.lock (line 22))
  Using cached nvidia_curand_cu12-10.3.9.90-py3-none-manylinux_2_27_x86_64.whl.metadata (1.7 kB)
Collecting nvidia-cusolver-cu12==11.7.3.90 (from torch==2.8.0->-r /workspace/vamp-trace/source/apm-current/docker/trace/requirements.lock (line 22))
  Using cached nvidia_cusolver_cu12-11.7.3.90-py3-none-manylinux_2_27_x86_64.whl.metadata (1.8 kB)
Collecting nvidia-cusparse-cu12==12.5.8.93 (from torch==2.8.0->-r /workspace/vamp-trace/source/apm-current/docker/trace/requirements.lock (line 22))
  Using cached nvidia_cusparse_cu12-12.5.8.93-py3-none-manylinux2014_x86_64.manylinux_2_17_x86_64.whl.metadata (1.8 kB)
Collecting nvidia-cusparselt-cu12==0.7.1 (from torch==2.8.0->-r /workspace/vamp-trace/source/apm-current/docker/trace/requirements.lock (line 22))
  Using cached nvidia_cusparselt_cu12-0.7.1-py3-none-manylinux2014_x86_64.whl.metadata (7.0 kB)
Collecting nvidia-nccl-cu12==2.27.3 (from torch==2.8.0->-r /workspace/vamp-trace/source/apm-current/docker/trace/requirements.lock (line 22))
  Using cached nvidia_nccl_cu12-2.27.3-py3-none-manylinux2014_x86_64.manylinux_2_17_x86_64.whl.metadata (2.0 kB)
Collecting nvidia-nvtx-cu12==12.8.90 (from torch==2.8.0->-r /workspace/vamp-trace/source/apm-current/docker/trace/requirements.lock (line 22))
  Using cached nvidia_nvtx_cu12-12.8.90-py3-none-manylinux2014_x86_64.manylinux_2_17_x86_64.whl.metadata (1.8 kB)
Collecting nvidia-nvjitlink-cu12==12.8.93 (from torch==2.8.0->-r /workspace/vamp-trace/source/apm-current/docker/trace/requirements.lock (line 22))
  Using cached nvidia_nvjitlink_cu12-12.8.93-py3-none-manylinux2010_x86_64.manylinux_2_12_x86_64.whl.metadata (1.7 kB)
Collecting nvidia-cufile-cu12==1.13.1.3 (from torch==2.8.0->-r /workspace/vamp-trace/source/apm-current/docker/trace/requirements.lock (line 22))
  Using cached nvidia_cufile_cu12-1.13.1.3-py3-none-manylinux2014_x86_64.manylinux_2_17_x86_64.whl.metadata (1.7 kB)
Collecting triton==3.4.0 (from torch==2.8.0->-r /workspace/vamp-trace/source/apm-current/docker/trace/requirements.lock (line 22))
  Using cached triton-3.4.0-cp311-cp311-manylinux_2_27_x86_64.manylinux_2_28_x86_64.whl.metadata (1.7 kB)
Collecting rapidfuzz<4.0.0,>=3.9.0 (from Levenshtein==0.27.1->python-Levenshtein==0.27.1->-r /workspace/vamp-trace/source/apm-current/docker/trace/requirements.lock (line 14))
  Using cached rapidfuzz-3.14.5-cp311-cp311-manylinux_2_27_x86_64.manylinux_2_28_x86_64.whl.metadata (12 kB)
Requirement already satisfied: setuptools>=40.8.0 in /opt/trace-venv/lib/python3.11/site-packages (from triton==3.4.0->torch==2.8.0->-r /workspace/vamp-trace/source/apm-current/docker/trace/requirements.lock (line 22)) (65.5.0)
Collecting aiohappyeyeballs>=2.5.0 (from aiohttp->datasets==2.21.0->-r /workspace/vamp-trace/source/apm-current/docker/trace/requirements.lock (line 2))
  Using cached aiohappyeyeballs-2.7.1-py3-none-any.whl.metadata (5.9 kB)
Collecting aiosignal>=1.4.0 (from aiohttp->datasets==2.21.0->-r /workspace/vamp-trace/source/apm-current/docker/trace/requirements.lock (line 2))
  Using cached aiosignal-1.4.0-py3-none-any.whl.metadata (3.7 kB)
Collecting attrs>=17.3.0 (from aiohttp->datasets==2.21.0->-r /workspace/vamp-trace/source/apm-current/docker/trace/requirements.lock (line 2))
  Using cached attrs-26.1.0-py3-none-any.whl.metadata (8.8 kB)
Collecting frozenlist>=1.1.1 (from aiohttp->datasets==2.21.0->-r /workspace/vamp-trace/source/apm-current/docker/trace/requirements.lock (line 2))
  Using cached frozenlist-1.8.0-cp311-cp311-manylinux1_x86_64.manylinux_2_28_x86_64.manylinux_2_5_x86_64.whl.metadata (20 kB)
Collecting multidict<7.0,>=4.5 (from aiohttp->datasets==2.21.0->-r /workspace/vamp-trace/source/apm-current/docker/trace/requirements.lock (line 2))
  Using cached multidict-6.7.1-cp311-cp311-manylinux2014_x86_64.manylinux_2_17_x86_64.manylinux_2_28_x86_64.whl.metadata (5.3 kB)
Collecting propcache>=0.2.0 (from aiohttp->datasets==2.21.0->-r /workspace/vamp-trace/source/apm-current/docker/trace/requirements.lock (line 2))
  Using cached propcache-0.5.2-cp311-cp311-manylinux2014_x86_64.manylinux_2_17_x86_64.manylinux_2_28_x86_64.whl.metadata (16 kB)
Collecting yarl<2.0,>=1.17.0 (from aiohttp->datasets==2.21.0->-r /workspace/vamp-trace/source/apm-current/docker/trace/requirements.lock (line 2))
  Using cached yarl-1.24.5-cp311-cp311-manylinux2014_x86_64.manylinux_2_17_x86_64.manylinux_2_28_x86_64.whl.metadata (103 kB)
Collecting idna>=2.0 (from yarl<2.0,>=1.17.0->aiohttp->datasets==2.21.0->-r /workspace/vamp-trace/source/apm-current/docker/trace/requirements.lock (line 2))
  Using cached idna-3.19-py3-none-any.whl.metadata (9.2 kB)
Collecting charset_normalizer<4,>=2 (from requests>=2.32.2->datasets==2.21.0->-r /workspace/vamp-trace/source/apm-current/docker/trace/requirements.lock (line 2))
  Using cached charset_normalizer-3.5.1-cp311-cp311-manylinux2014_x86_64.manylinux_2_17_x86_64.manylinux_2_28_x86_64.whl.metadata (45 kB)
Collecting urllib3<3,>=1.26 (from requests>=2.32.2->datasets==2.21.0->-r /workspace/vamp-trace/source/apm-current/docker/trace/requirements.lock (line 2))
  Using cached urllib3-2.7.0-py3-none-any.whl.metadata (6.9 kB)
Collecting certifi>=2023.5.7 (from requests>=2.32.2->datasets==2.21.0->-r /workspace/vamp-trace/source/apm-current/docker/trace/requirements.lock (line 2))
  Using cached certifi-2026.7.22-py3-none-any.whl.metadata (2.5 kB)
Collecting mpmath<1.4,>=1.1.0 (from sympy>=1.13.3->torch==2.8.0->-r /workspace/vamp-trace/source/apm-current/docker/trace/requirements.lock (line 22))
  Using cached mpmath-1.3.0-py3-none-any.whl.metadata (8.6 kB)
Collecting MarkupSafe>=2.0 (from jinja2->torch==2.8.0->-r /workspace/vamp-trace/source/apm-current/docker/trace/requirements.lock (line 22))
  Using cached markupsafe-3.0.3-cp311-cp311-manylinux2014_x86_64.manylinux_2_17_x86_64.manylinux_2_28_x86_64.whl.metadata (2.7 kB)
INFO: pip is looking at multiple versions of multiprocess to determine which version is compatible with other requirements. This could take a while.
Collecting multiprocess (from datasets==2.21.0->-r /workspace/vamp-trace/source/apm-current/docker/trace/requirements.lock (line 2))
  Using cached multiprocess-0.70.18-py311-none-any.whl.metadata (7.5 kB)
  Using cached multiprocess-0.70.17-py311-none-any.whl.metadata (7.2 kB)
  Using cached multiprocess-0.70.16-py311-none-any.whl.metadata (7.2 kB)
Using cached accelerate-1.10.1-py3-none-any.whl (374 kB)
Using cached numpy-1.26.4-cp311-cp311-manylinux_2_17_x86_64.manylinux2014_x86_64.whl (18.3 MB)
Using cached datasets-2.21.0-py3-none-any.whl (527 kB)
Using cached fuzzywuzzy-0.18.0-py2.py3-none-any.whl (18 kB)
Using cached huggingface_hub-0.34.4-py3-none-any.whl (561 kB)
Using cached nltk-3.9.1-py3-none-any.whl (1.5 MB)
Using cached matplotlib-3.10.6-cp311-cp311-manylinux2014_x86_64.manylinux_2_17_x86_64.whl (8.7 MB)
Using cached packaging-25.0-py3-none-any.whl (66 kB)
Using cached pandas-2.3.2-cp311-cp311-manylinux_2_17_x86_64.manylinux2014_x86_64.whl (12.4 MB)
Using cached peft-0.17.1-py3-none-any.whl (504 kB)
Using cached pyarrow-21.0.0-cp311-cp311-manylinux_2_28_x86_64.whl (42.8 MB)
Using cached pytest-8.4.2-py3-none-any.whl (365 kB)
Using cached pytest_xdist-3.8.0-py3-none-any.whl (46 kB)
Using cached python_levenshtein-0.27.1-py3-none-any.whl (9.4 kB)
Using cached pyrsistent-0.20.0-cp311-cp311-manylinux_2_17_x86_64.manylinux2014_x86_64.whl (120 kB)
Using cached PyYAML-6.0.2-cp311-cp311-manylinux_2_17_x86_64.manylinux2014_x86_64.whl (762 kB)
Using cached rouge-1.0.1-py3-none-any.whl (13 kB)
Using cached sacrebleu-2.5.1-py3-none-any.whl (104 kB)
Using cached sacremoses-0.1.1-py3-none-any.whl (897 kB)
Using cached safetensors-0.6.2-cp38-abi3-manylinux_2_17_x86_64.manylinux2014_x86_64.whl (485 kB)
Using cached tokenizers-0.21.4-cp39-abi3-manylinux_2_17_x86_64.manylinux2014_x86_64.whl (3.1 MB)
Using cached torch-2.8.0-cp311-cp311-manylinux_2_28_x86_64.whl (888.1 MB)
Using cached tqdm-4.67.1-py3-none-any.whl (78 kB)
Using cached transformers-4.55.4-py3-none-any.whl (11.3 MB)
Using cached levenshtein-0.27.1-cp311-cp311-manylinux_2_17_x86_64.manylinux2014_x86_64.whl (161 kB)
Using cached nvidia_cublas_cu12-12.8.4.1-py3-none-manylinux_2_27_x86_64.whl (594.3 MB)
Using cached nvidia_cuda_cupti_cu12-12.8.90-py3-none-manylinux2014_x86_64.manylinux_2_17_x86_64.whl (10.2 MB)
Using cached nvidia_cuda_nvrtc_cu12-12.8.93-py3-none-manylinux2010_x86_64.manylinux_2_12_x86_64.whl (88.0 MB)
Using cached nvidia_cuda_runtime_cu12-12.8.90-py3-none-manylinux2014_x86_64.manylinux_2_17_x86_64.whl (954 kB)
Using cached nvidia_cudnn_cu12-9.10.2.21-py3-none-manylinux_2_27_x86_64.whl (706.8 MB)
Using cached nvidia_cufft_cu12-11.3.3.83-py3-none-manylinux2014_x86_64.manylinux_2_17_x86_64.whl (193.1 MB)
Using cached nvidia_cufile_cu12-1.13.1.3-py3-none-manylinux2014_x86_64.manylinux_2_17_x86_64.whl (1.2 MB)
Using cached nvidia_curand_cu12-10.3.9.90-py3-none-manylinux_2_27_x86_64.whl (63.6 MB)
Using cached nvidia_cusolver_cu12-11.7.3.90-py3-none-manylinux_2_27_x86_64.whl (267.5 MB)
Using cached nvidia_cusparse_cu12-12.5.8.93-py3-none-manylinux2014_x86_64.manylinux_2_17_x86_64.whl (288.2 MB)
Using cached nvidia_cusparselt_cu12-0.7.1-py3-none-manylinux2014_x86_64.whl (287.2 MB)
Using cached nvidia_nccl_cu12-2.27.3-py3-none-manylinux2014_x86_64.manylinux_2_17_x86_64.whl (322.4 MB)
Using cached nvidia_nvjitlink_cu12-12.8.93-py3-none-manylinux2010_x86_64.manylinux_2_12_x86_64.whl (39.3 MB)
Using cached nvidia_nvtx_cu12-12.8.90-py3-none-manylinux2014_x86_64.manylinux_2_17_x86_64.whl (89 kB)
Using cached triton-3.4.0-cp311-cp311-manylinux_2_27_x86_64.manylinux_2_28_x86_64.whl (155.5 MB)
Using cached dill-0.3.8-py3-none-any.whl (116 kB)
Using cached fsspec-2024.6.1-py3-none-any.whl (177 kB)
Using cached hf_xet-1.6.0-cp38-abi3-manylinux2014_x86_64.manylinux_2_17_x86_64.whl (4.5 MB)
Using cached pluggy-1.6.0-py3-none-any.whl (20 kB)
Using cached rapidfuzz-3.14.5-cp311-cp311-manylinux_2_27_x86_64.manylinux_2_28_x86_64.whl (3.2 MB)
Using cached aiohttp-3.14.3-cp311-cp311-manylinux2014_x86_64.manylinux_2_17_x86_64.manylinux_2_28_x86_64.whl (1.8 MB)
Using cached multidict-6.7.1-cp311-cp311-manylinux2014_x86_64.manylinux_2_17_x86_64.manylinux_2_28_x86_64.whl (246 kB)
Using cached yarl-1.24.5-cp311-cp311-manylinux2014_x86_64.manylinux_2_17_x86_64.manylinux_2_28_x86_64.whl (111 kB)
Using cached aiohappyeyeballs-2.7.1-py3-none-any.whl (15 kB)
Using cached aiosignal-1.4.0-py3-none-any.whl (7.5 kB)
Using cached attrs-26.1.0-py3-none-any.whl (67 kB)
Using cached contourpy-1.3.3-cp311-cp311-manylinux_2_27_x86_64.manylinux_2_28_x86_64.whl (355 kB)
Using cached cycler-0.12.1-py3-none-any.whl (8.3 kB)
Using cached execnet-2.1.2-py3-none-any.whl (40 kB)
Using cached fonttools-4.63.0-cp311-cp311-manylinux2014_x86_64.manylinux_2_17_x86_64.whl (5.1 MB)
Using cached frozenlist-1.8.0-cp311-cp311-manylinux1_x86_64.manylinux_2_28_x86_64.manylinux_2_5_x86_64.whl (231 kB)
Using cached idna-3.19-py3-none-any.whl (68 kB)
Using cached iniconfig-2.3.0-py3-none-any.whl (7.5 kB)
Using cached kiwisolver-1.5.0-cp311-cp311-manylinux2014_x86_64.manylinux_2_17_x86_64.whl (1.4 MB)
Using cached pillow-12.3.0-cp311-cp311-manylinux_2_27_x86_64.manylinux_2_28_x86_64.whl (6.9 MB)
Using cached propcache-0.5.2-cp311-cp311-manylinux2014_x86_64.manylinux_2_17_x86_64.manylinux_2_28_x86_64.whl (58 kB)
Using cached pygments-2.21.0-py3-none-any.whl (1.3 MB)
Using cached pyparsing-3.3.2-py3-none-any.whl (122 kB)
Using cached python_dateutil-2.9.0.post0-py2.py3-none-any.whl (229 kB)
Using cached pytz-2026.3.post1-py2.py3-none-any.whl (508 kB)
Using cached regex-2026.7.19-cp311-cp311-manylinux2014_x86_64.manylinux_2_17_x86_64.manylinux_2_28_x86_64.whl (801 kB)
Using cached requests-2.34.2-py3-none-any.whl (73 kB)
Using cached charset_normalizer-3.5.1-cp311-cp311-manylinux2014_x86_64.manylinux_2_17_x86_64.manylinux_2_28_x86_64.whl (262 kB)
Using cached urllib3-2.7.0-py3-none-any.whl (131 kB)
Using cached certifi-2026.7.22-py3-none-any.whl (136 kB)
Using cached six-1.17.0-py2.py3-none-any.whl (11 kB)
Using cached sympy-1.14.0-py3-none-any.whl (6.3 MB)
Using cached mpmath-1.3.0-py3-none-any.whl (536 kB)
Using cached tabulate-0.10.0-py3-none-any.whl (39 kB)
Using cached typing_extensions-4.16.0-py3-none-any.whl (45 kB)
Using cached tzdata-2026.3-py2.py3-none-any.whl (348 kB)
Using cached click-8.4.2-py3-none-any.whl (119 kB)
Using cached colorama-0.4.6-py2.py3-none-any.whl (25 kB)
Using cached filelock-3.32.3-py3-none-any.whl (98 kB)
Using cached jinja2-3.1.6-py3-none-any.whl (134 kB)
Using cached markupsafe-3.0.3-cp311-cp311-manylinux2014_x86_64.manylinux_2_17_x86_64.manylinux_2_28_x86_64.whl (22 kB)
Using cached joblib-1.5.3-py3-none-any.whl (309 kB)
Using cached lxml-6.1.2-cp311-cp311-manylinux_2_26_x86_64.manylinux_2_28_x86_64.whl (5.2 MB)
Using cached multiprocess-0.70.16-py311-none-any.whl (143 kB)
Using cached networkx-3.6.1-py3-none-any.whl (2.1 MB)
Using cached portalocker-4.1.0-py3-none-any.whl (65 kB)
Using cached psutil-7.2.2-cp36-abi3-manylinux2010_x86_64.manylinux_2_12_x86_64.manylinux_2_28_x86_64.whl (155 kB)
Using cached xxhash-4.0.1-cp311-cp311-manylinux2014_x86_64.manylinux_2_17_x86_64.manylinux_2_28_x86_64.whl (261 kB)
Installing collected packages: pytz, nvidia-cusparselt-cu12, mpmath, fuzzywuzzy, xxhash, urllib3, tzdata, typing-extensions, triton, tqdm, tabulate, sympy, six, safetensors, regex, rapidfuzz, PyYAML, pyrsistent, pyparsing, pygments, pyarrow, psutil, propcache, portalocker, pluggy, pillow, packaging, nvidia-nvtx-cu12, nvidia-nvjitlink-cu12, nvidia-nccl-cu12, nvidia-curand-cu12, nvidia-cufile-cu12, nvidia-cuda-runtime-cu12, nvidia-cuda-nvrtc-cu12, nvidia-cuda-cupti-cu12, nvidia-cublas-cu12, numpy, networkx, multidict, MarkupSafe, lxml, kiwisolver, joblib, iniconfig, idna, hf-xet, fsspec, frozenlist, fonttools, filelock, execnet, dill, cycler, colorama, click, charset_normalizer, certifi, attrs, aiohappyeyeballs, yarl, sacremoses, sacrebleu, rouge, requests, python-dateutil, pytest, nvidia-cusparse-cu12, nvidia-cufft-cu12, nvidia-cudnn-cu12, nltk, multiprocess, Levenshtein, jinja2, contourpy, aiosignal, python-Levenshtein, pytest-xdist, pandas, nvidia-cusolver-cu12, matplotlib, huggingface-hub, aiohttp, torch, tokenizers, transformers, datasets, accelerate, peft

Successfully installed Levenshtein-0.27.1 MarkupSafe-3.0.3 PyYAML-6.0.2 accelerate-1.10.1 aiohappyeyeballs-2.7.1 aiohttp-3.14.3 aiosignal-1.4.0 attrs-26.1.0 certifi-2026.7.22 charset_normalizer-3.5.1 click-8.4.2 colorama-0.4.6 contourpy-1.3.3 cycler-0.12.1 datasets-2.21.0 dill-0.3.8 execnet-2.1.2 filelock-3.32.3 fonttools-4.63.0 frozenlist-1.8.0 fsspec-2024.6.1 fuzzywuzzy-0.18.0 hf-xet-1.6.0 huggingface-hub-0.34.4 idna-3.19 iniconfig-2.3.0 jinja2-3.1.6 joblib-1.5.3 kiwisolver-1.5.0 lxml-6.1.2 matplotlib-3.10.6 mpmath-1.3.0 multidict-6.7.1 multiprocess-0.70.16 networkx-3.6.1 nltk-3.9.1 numpy-1.26.4 nvidia-cublas-cu12-12.8.4.1 nvidia-cuda-cupti-cu12-12.8.90 nvidia-cuda-nvrtc-cu12-12.8.93 nvidia-cuda-runtime-cu12-12.8.90 nvidia-cudnn-cu12-9.10.2.21 nvidia-cufft-cu12-11.3.3.83 nvidia-cufile-cu12-1.13.1.3 nvidia-curand-cu12-10.3.9.90 nvidia-cusolver-cu12-11.7.3.90 nvidia-cusparse-cu12-12.5.8.93 nvidia-cusparselt-cu12-0.7.1 nvidia-nccl-cu12-2.27.3 nvidia-nvjitlink-cu12-12.8.93 nvidia-nvtx-cu12-12.8.90 packaging-25.0 pandas-2.3.2 peft-0.17.1 pillow-12.3.0 pluggy-1.6.0 portalocker-4.1.0 propcache-0.5.2 psutil-7.2.2 pyarrow-21.0.0 pygments-2.21.0 pyparsing-3.3.2 pyrsistent-0.20.0 pytest-8.4.2 pytest-xdist-3.8.0 python-Levenshtein-0.27.1 python-dateutil-2.9.0.post0 pytz-2026.3.post1 rapidfuzz-3.14.5 regex-2026.7.19 requests-2.34.2 rouge-1.0.1 sacrebleu-2.5.1 sacremoses-0.1.1 safetensors-0.6.2 six-1.17.0 sympy-1.14.0 tabulate-0.10.0 tokenizers-0.21.4 torch-2.8.0 tqdm-4.67.1 transformers-4.55.4 triton-3.4.0 typing-extensions-4.16.0 tzdata-2026.3 urllib3-2.7.0 xxhash-4.0.1 yarl-1.24.5
Obtaining file:///workspace/vamp-trace/source/apm-current
  Installing build dependencies: started
  Installing build dependencies: finished with status 'done'
  Checking if build backend supports build_editable: started
  Checking if build backend supports build_editable: finished with status 'done'
  Getting requirements to build editable: started
  Getting requirements to build editable: finished with status 'done'
  Preparing editable metadata (pyproject.toml): started
  Preparing editable metadata (pyproject.toml): finished with status 'done'
Building wheels for collected packages: apm
  Building editable for apm (pyproject.toml): started
  Building editable for apm (pyproject.toml): finished with status 'done'
  Created wheel for apm: filename=apm-0.1.0-0.editable-py3-none-any.whl size=5780 sha256=d247e041641f46f61a1b6df48518934d2c7cd1474bb563340d0c43242df28a75
  Stored in directory: /tmp/pip-ephem-wheel-cache-kthn0vzg/wheels/ab/d9/08/bf779770a0248b554dc4822a794210f55e1ae08b6e59c48041
Successfully built apm
Installing collected packages: apm
Successfully installed apm-0.1.0
/opt/trace-venv/lib/python3.11/site-packages/peft/utils/save_and_load.py:286: UserWarning: Could not find a config file in  - will assume that the vocabulary was not modified.
  warnings.warn(
TRACE package self-test passed
TRACE direct RunPod environment is ready at /opt/trace-venv
