SRT working artifacts: /home/daniel/projects/snet/rpa/artifacts/imagenetr50/srt_r16_v1/runs/b3de2a819efe0707b85cf105cf8d4c53370c807b48108bf996dc4f4883a213ea

Phase: calibration H1024, screen 1/18 through task 16. Planned experiment work 9,031,008/9,031,008 images; overall ETA 0.00 h

Phase: calibration H1024, screen 2/18 through task 16. Planned experiment work 9,031,008/9,031,008 images; overall ETA 0.00 h

Phase: calibration H1024, screen 3/18 through task 16. Planned experiment work 9,031,008/9,031,008 images; overall ETA 0.00 h

Phase: calibration H1024, screen 4/18 through task 16. Planned experiment work 9,031,008/9,031,008 images; overall ETA 0.00 h

Phase: calibration H1024, screen 5/18 through task 16. Planned experiment work 9,031,008/9,031,008 images; overall ETA 0.00 h

Phase: calibration H1024, screen 6/18 through task 16. Planned experiment work 9,031,008/9,031,008 images; overall ETA 0.00 h

Phase: calibration H1024, screen 7/18 through task 16. Planned experiment work 9,031,008/9,031,008 images; overall ETA 0.00 h

Phase: calibration H1024, screen 8/18 through task 16. Planned experiment work 9,031,008/9,031,008 images; overall ETA 0.00 h

Phase: calibration H1024, screen 9/18 through task 16. Planned experiment work 9,031,008/9,031,008 images; overall ETA 0.00 h

Phase: calibration H1024, screen 10/18 through task 16. Planned experiment work 9,031,008/9,031,008 images; overall ETA 0.00 h

Phase: calibration H1024, screen 11/18 through task 16. Planned experiment work 9,031,008/9,031,008 images; overall ETA 0.00 h

Phase: calibration H1024, screen 12/18 through task 16. Planned experiment work 9,031,008/9,031,008 images; overall ETA 0.00 h

Phase: calibration H1024, screen 13/18 through task 16. Planned experiment work 9,031,008/9,031,008 images; overall ETA 0.00 h

Phase: calibration H1024, screen 14/18 through task 16. Planned experiment work 9,031,008/9,031,008 images; overall ETA 0.00 h

Phase: calibration H1024, screen 15/18 through task 16. Planned experiment work 9,031,008/9,031,008 images; overall ETA 0.00 h

Phase: calibration H1024, screen 16/18 through task 16. Planned experiment work 9,031,008/9,031,008 images; overall ETA 0.00 h

Phase: calibration H1024, screen 17/18 through task 16. Planned experiment work 9,031,008/9,031,008 images; overall ETA 0.00 h

Phase: calibration H1024, screen 18/18 through task 16. Planned experiment work 9,031,008/9,031,008 images; overall ETA 0.00 h

Phase: calibration H4096, screen 1/18 through task 16. Planned experiment work 9,031,008/9,031,008 images; overall ETA 0.00 h

Phase: calibration H4096, screen 2/18 through task 16. Planned experiment work 9,031,008/9,031,008 images; overall ETA 0.00 h

Phase: calibration H4096, screen 3/18 through task 16. Planned experiment work 9,031,008/9,031,008 images; overall ETA 0.00 h

Phase: calibration H4096, screen 4/18 through task 16. Planned experiment work 9,031,008/9,031,008 images; overall ETA 0.00 h

Phase: calibration H4096, screen 5/18 through task 16. Planned experiment work 9,031,008/9,031,008 images; overall ETA 0.00 h

Phase: calibration H4096, screen 6/18 through task 16. Planned experiment work 9,031,008/9,031,008 images; overall ETA 0.00 h

Phase: calibration H4096, screen 7/18 through task 16. Planned experiment work 9,031,008/9,031,008 images; overall ETA 0.00 h

Phase: calibration H4096, screen 8/18 through task 16. Planned experiment work 9,031,008/9,031,008 images; overall ETA 0.00 h

Phase: calibration H4096, screen 9/18 through task 16. Planned experiment work 9,031,008/9,031,008 images; overall ETA 0.00 h

Phase: calibration H4096, screen 10/18 through task 16. Planned experiment work 9,031,008/9,031,008 images; overall ETA 0.00 h

Phase: calibration H4096, screen 11/18 through task 16. Planned experiment work 9,031,008/9,031,008 images; overall ETA 0.00 h

Phase: calibration H4096, screen 12/18 through task 16. Planned experiment work 9,031,008/9,031,008 images; overall ETA 0.00 h

Phase: calibration H4096, screen 13/18 through task 16. Planned experiment work 9,031,008/9,031,008 images; overall ETA 0.00 h

Phase: calibration H4096, screen 14/18 through task 16. Planned experiment work 9,031,008/9,031,008 images; overall ETA 0.00 h

Phase: calibration H4096, screen 15/18 through task 16. Planned experiment work 9,031,008/9,031,008 images; overall ETA 0.00 h

Phase: calibration H4096, screen 16/18 through task 16. Planned experiment work 9,031,008/9,031,008 images; overall ETA 0.00 h

Phase: calibration H4096, screen 17/18 through task 16. Planned experiment work 9,031,008/9,031,008 images; overall ETA 0.00 h

Phase: calibration H4096, screen 18/18 through task 16. Planned experiment work 9,031,008/9,031,008 images; overall ETA 0.00 h

Phase: calibration finalist H1024 standard_rho80_unit8, through task 50. Planned experiment work 9,031,008/9,031,008 images; overall ETA 0.00 h

Phase: calibration finalist H1024 standard_rho50_unit8, through task 50. Planned experiment work 9,031,008/9,031,008 images; overall ETA 0.00 h

Phase: calibration finalist H4096 strict_rho80_unit1, through task 50. Planned experiment work 9,031,008/9,031,008 images; overall ETA 0.00 h

Phase: calibration finalist H4096 strict_rho50_unit1, through task 50. Planned experiment work 9,031,008/9,031,008 images; overall ETA 0.00 h

Phase: final full-data srt H1024, tasks 1-50. Planned experiment work 9,031,008/9,031,008 images; overall ETA 0.00 h

Phase: final full-data uniform H1024, tasks 1-50. Planned experiment work 9,031,008/9,031,008 images; overall ETA 0.00 h

Phase: final full-data srt H4096, tasks 1-50. Planned experiment work 9,031,008/9,031,008 images; overall ETA 0.00 h

Phase: final full-data uniform H4096, tasks 1-50. Planned experiment work 9,031,008/9,031,008 images; overall ETA 0.00 h

Phase: build and verify separate report. Planned experiment work 9,031,008/9,031,008 images; overall ETA 0.00 h
Report audit: SRT rank 16, 1,024-equivalent budget
Report audit: Uniform replay rank 16, 1,024-equivalent budget
Report audit: SRT rank 16, 4,096-equivalent budget
Report audit: Uniform replay rank 16, 4,096-equivalent budget

Phase: complete. Planned experiment work 9,031,008/9,031,008 images; overall ETA 0.00 h
/home/daniel/projects/snet/rpa/output/pdf/imagenetr50_srt_r16_report.pdf
